<html>
<body>
<pre>
<h1>µVision Build Log</h1>
<h2>Tool Versions:</h2>
IDE-Version: µVision V5.28.0.0
Copyright (C) 2019 ARM Ltd and ARM Germany GmbH. All rights reserved.
License Information: ali reza, azal, LIC=S5IBS-LPEHM-58EFB-2M77S-RP712-RLZLS
 
Tool Versions:
Toolchain:       MDK-ARM Professional  Version: 5.28.0.0
Toolchain Path:  C:\Keil_v5\ARM\ARMCC\Bin
C Compiler:      Armcc.exe V5.06 update 6 (build 750)
Assembler:       Armasm.exe V5.06 update 6 (build 750)
Linker/Locator:  ArmLink.exe V5.06 update 6 (build 750)
Library Manager: ArmAr.exe V5.06 update 6 (build 750)
Hex Converter:   FromElf.exe V5.06 update 6 (build 750)
CPU DLL:         SARMCM3.DLL V5.28.0.0
Dialog DLL:      DCM.DLL V1.17.3.0
Target DLL:      UL2CM3.DLL V1.162.16.0
Dialog DLL:      TCM.DLL V1.36.2.0
 
<h2>Project:</h2>
F:\github_src\new_clone\LWIP-Modbus-TCP-to-Modbus-RTU-converter\MDK-ARM\Project.uvprojx
Project File Date:  08/28/2021

<h2>Output:</h2>
*** Using Compiler 'V5.06 update 6 (build 750)', folder: 'C:\Keil_v5\ARM\ARMCC\Bin'
Build target 'STM324xG_EVAL'
assembling startup_stm32f4xx.s...
compiling system_stm32f4xx.c...
compiling netconf.c...
..\src\netconf.c(72): warning:  #177-D: variable "iptab"  was declared but never referenced
    uint8_t iptab[4];
..\src\netconf.c(73): warning:  #177-D: variable "iptxt"  was declared but never referenced
    uint8_t iptxt[20];
..\src\netconf.c: 2 warnings, 0 errors
compiling main.c...
..\src\SPI_Flash\SST25VF016B.h(57): warning:  #1295-D: Deprecated declaration start_data_wirte - give arg types
  void start_data_wirte();
..\src\SPI_Flash\SST25VF016B.h(58): warning:  #1295-D: Deprecated declaration end_data_wirte - give arg types
  void end_data_wirte();
..\src\stm32f4xx_it.h(47): warning:  #1295-D: Deprecated declaration dif_countmb - give arg types
  uint8_t dif_countmb();
..\src\main.c(174): warning:  #223-D: function "xTaskCreate" declared implicitly
  	xTaskCreate( ETH_Task , ( signed char * ) NULL , 1300 , NULL , 2 , NULL );
..\src\main.c(176): warning:  #223-D: function "vTaskStartScheduler" declared implicitly
  	vTaskStartScheduler();
..\src\main.c: 5 warnings, 0 errors
compiling fs.c...
..\src\fs.c(227): warning:  #1-D: last line of file ends without a newline
  //}
..\src\fs.c: 1 warning, 0 errors
compiling stm32f4x7_eth_bsp.c...
..\src\stm32f4x7_eth_bsp.c(47): warning:  #177-D: variable "RCC_Clocks"  was declared but never referenced
    RCC_ClocksTypeDef RCC_Clocks;
..\src\stm32f4x7_eth_bsp.c: 1 warning, 0 errors
compiling stm32f4xx_it.c...
..\src\stm32f4xx_it.h(47): warning:  #1295-D: Deprecated declaration dif_countmb - give arg types
  uint8_t dif_countmb();
..\src\stm32f4xx_it.c: 1 warning, 0 errors
compiling serial_debug.c...
compiling httpd_cgi_ssi.c...
..\src\SPI_Flash\SST25VF016B.h(57): warning:  #1295-D: Deprecated declaration start_data_wirte - give arg types
  void start_data_wirte();
..\src\SPI_Flash\SST25VF016B.h(58): warning:  #1295-D: Deprecated declaration end_data_wirte - give arg types
  void end_data_wirte();
..\src\httpd_cgi_ssi.c(84): warning:  #111-D: statement is unreachable
  		 return 3;
..\src\httpd_cgi_ssi.c(72): warning:  #177-D: variable "b5"  was declared but never referenced
  char b5;
..\src\httpd_cgi_ssi.c(73): warning:  #177-D: variable "AD_value_1"  was declared but never referenced
  float AD_value_1,AD_value_2;
..\src\httpd_cgi_ssi.c(73): warning:  #177-D: variable "AD_value_2"  was declared but never referenced
  float AD_value_1,AD_value_2;
..\src\httpd_cgi_ssi.c(270): warning:  #223-D: function "vTaskDelay" declared implicitly
  			   vTaskDelay(200);
..\src\httpd_cgi_ssi.c(172): warning:  #550-D: variable "state"  was set but never used
  	uint16_t state;
..\src\httpd_cgi_ssi.c: 8 warnings, 0 errors
compiling modbustcp.c...
..\src\stm32f4xx_it.h(47): warning:  #1295-D: Deprecated declaration dif_countmb - give arg types
  uint8_t dif_countmb();
..\src\modbustcp.c: 1 warning, 0 errors
compiling spi_port.c...
compiling httpd_modbus.c...
..\src\httpd_modbus.c(2111): warning:  #167-D: argument of type "err_t (*)(struct tcp_pcb *, struct modbus_tcp_struct *)" is incompatible with parameter of type "err_t (*)(void *, struct tcp_pcb *, u16_t)"
        tcp_sent(tpcb, modbus_sent);
..\src\httpd_modbus.c(2138): warning:  #167-D: argument of type "err_t (*)(struct tcp_pcb *, struct modbus_tcp_struct *)" is incompatible with parameter of type "err_t (*)(void *, struct tcp_pcb *, u16_t)"
      tcp_sent(tpcb, modbus_sent);
..\src\httpd_modbus.c(2276): warning:  #177-D: variable "lpcb"  was declared but never referenced
    struct tcp_pcb_listen *lpcb = (struct tcp_pcb_listen*)arg;
..\src\httpd_modbus.c: 3 warnings, 0 errors
compiling api_lib.c...
compiling api_msg.c...
compiling err.c...
compiling netbuf.c...
compiling netdb.c...
compiling SST25VF016B.c...
..\src\SPI_Flash\SST25VF016B.h(57): warning:  #1295-D: Deprecated declaration start_data_wirte - give arg types
  void start_data_wirte();
..\src\SPI_Flash\SST25VF016B.h(58): warning:  #1295-D: Deprecated declaration end_data_wirte - give arg types
  void end_data_wirte();
..\src\SPI_Flash\SST25VF016B.c(269): warning:  #177-D: variable "temp"  was declared but never referenced
  		uint8_t temp = 0,StatRgVal = 0;
..\src\SPI_Flash\SST25VF016B.c(301): warning:  #177-D: variable "i"  was declared but never referenced
  	uint32_t i = 0;
..\src\SPI_Flash\SST25VF016B.c: 4 warnings, 0 errors
compiling netifapi.c...
compiling FlashDriver.c...
..\src\SPI_Flash\SST25VF016B.h(57): warning:  #1295-D: Deprecated declaration start_data_wirte - give arg types
  void start_data_wirte();
..\src\SPI_Flash\SST25VF016B.h(58): warning:  #1295-D: Deprecated declaration end_data_wirte - give arg types
  void end_data_wirte();
..\src\SPI_Flash\FlashDriver.c: 2 warnings, 0 errors
compiling sockets.c...
compiling tcpip.c...
compiling dns.c...
compiling init.c...
compiling dhcp.c...
compiling mem.c...
..\Utilities\Third_Party\lwip_v1.3.2\src\core\mem.c(184): warning:  #550-D: variable "mem_sem"  was set but never used
  static sys_sem_t mem_sem;
..\Utilities\Third_Party\lwip_v1.3.2\src\core\mem.c: 1 warning, 0 errors
compiling memp.c...
compiling netif.c...
compiling pbuf.c...
compiling raw.c...
compiling stats.c...
compiling sys.c...
compiling tcp.c...
compiling tcp_in.c...
compiling tcp_out.c...
..\Utilities\Third_Party\lwip_v1.3.2\src\core\tcp_out.c(465): warning:  #550-D: variable "tcphdr"  was set but never used
    struct tcp_hdr *tcphdr;
..\Utilities\Third_Party\lwip_v1.3.2\src\core\tcp_out.c(935): warning:  #550-D: variable "tcphdr"  was set but never used
    struct tcp_hdr *tcphdr;
..\Utilities\Third_Party\lwip_v1.3.2\src\core\tcp_out.c: 2 warnings, 0 errors
compiling udp.c...
compiling autoip.c...
compiling icmp.c...
compiling igmp.c...
compiling inet.c...
compiling inet_chksum.c...
compiling ip_addr.c...
compiling ip.c...
compiling ip_frag.c...
compiling loopif.c...
compiling slipif.c...
compiling etharp.c...
compiling misc.c...
compiling stm32f4xx_usart.c...
compiling ethernetif.c...
compiling stm32f4xx_adc.c...
compiling stm32f4xx_dma.c...
compiling stm32f4xx_exti.c...
compiling stm32f4xx_flash.c...
compiling stm32f4xx_gpio.c...
compiling stm32f4xx_fsmc.c...
compiling stm32f4xx_syscfg.c...
compiling stm32f4xx_sdio.c...
compiling stm32f4xx_rcc.c...
compiling stm32f4xx_i2c.c...
compiling stm32f4xx_can.c...
compiling stm32f4xx_rtc.c...
compiling stm32f4xx_pwr.c...
compiling stm324xg_eval.c...
compiling stm32f4x7_eth.c...
compiling queue.c...
compiling modbus.c...
..\src\modbus.c(122): warning:  #223-D: function "setms_timecountmb" declared implicitly
  	  setms_timecountmb(40);		
..\src\modbus.c(98): warning:  #177-D: variable "reg"  was declared but never referenced
  		uint16_t reg;
..\src\modbus.c(155): warning:  #223-D: function "setms_timecountmb" declared implicitly
  	  setms_timecountmb(40);
..\src\modbus.c(131): warning:  #177-D: variable "reg"  was declared but never referenced
  		uint16_t reg;
..\src\modbus.c(266): warning:  #1-D: last line of file ends without a newline
   }
..\src\modbus.c(185): warning:  #177-D: variable "rsp_flag"  was declared but never referenced
  		uint8_t rsp_flag=0;
..\src\modbus.c(186): warning:  #177-D: variable "temp"  was declared but never referenced
  		uint16_t temp = 0;
..\src\modbus.c(187): warning:  #177-D: variable "i"  was declared but never referenced
  	int i=0;
..\src\modbus.c: 8 warnings, 0 errors
compiling tasks.c...
compiling list.c...
compiling stm32f4xx_spi.c...
compiling heap_2.c...
compiling port.c...
..\FreeRTOS\Source\portable\RVDS\ARM_CM4F\port.c(528): warning:  #223-D: function "Time_Update" declared implicitly
  	 Time_Update();
..\FreeRTOS\Source\portable\RVDS\ARM_CM4F\port.c: 1 warning, 0 errors
linking...
Program Size: Code=40328 RO-data=74432 RW-data=564 ZI-data=118508  
".\STM324xG_EVAL\STM324xG_EVAL.axf" - 0 Error(s), 40 Warning(s).

<h2>Software Packages used:</h2>

Package Vendor: Keil
                http://www.keil.com/pack/Keil.STM32F4xx_DFP.2.13.0.pack
                Keil.STM32F4xx_DFP.2.13.0
                STMicroelectronics STM32F4 Series Device Support, Drivers and Examples

<h2>Collection of Component include folders:</h2>
  .\RTE\_STM324xG_EVAL
  C:\Keil_v5\ARM\PACK\Keil\STM32F4xx_DFP\2.13.0\Drivers\CMSIS\Device\ST\STM32F4xx\Include

<h2>Collection of Component Files used:</h2>
Build Time Elapsed:  00:00:26
</pre>
</body>
</html>
